Archive member included because of file (symbol)

c:/program files/winavr/bin/../lib/gcc/avr/4.3.2/avr6\libgcc.a(_udivmodhi4.o)
                              lcd.o (__udivmodhi4)
c:/program files/winavr/bin/../lib/gcc/avr/4.3.2/avr6\libgcc.a(_exit.o)
                              c:/program files/winavr/bin/../lib/gcc/avr/4.3.2/../../../../avr/lib/avr6/crtm2560.o (exit)
c:/program files/winavr/bin/../lib/gcc/avr/4.3.2/avr6\libgcc.a(_clear_bss.o)
                              FireExtinguisher.o (__do_clear_bss)
c:/program files/winavr/bin/../lib/gcc/avr/4.3.2/avr6\libgcc.a(_fixunssfsi.o)
                              PosCon_WhiteLine.o (__fixunssfsi)
c:/program files/winavr/bin/../lib/gcc/avr/4.3.2/avr6\libgcc.a(_addsub_sf.o)
                              c:/program files/winavr/bin/../lib/gcc/avr/4.3.2/avr6\libgcc.a(_fixunssfsi.o) (__subsf3)
c:/program files/winavr/bin/../lib/gcc/avr/4.3.2/avr6\libgcc.a(_div_sf.o)
                              PosCon_WhiteLine.o (__divsf3)
c:/program files/winavr/bin/../lib/gcc/avr/4.3.2/avr6\libgcc.a(_ge_sf.o)
                              c:/program files/winavr/bin/../lib/gcc/avr/4.3.2/avr6\libgcc.a(_fixunssfsi.o) (__gesf2)
c:/program files/winavr/bin/../lib/gcc/avr/4.3.2/avr6\libgcc.a(_sf_to_si.o)
                              c:/program files/winavr/bin/../lib/gcc/avr/4.3.2/avr6\libgcc.a(_fixunssfsi.o) (__fixsfsi)
c:/program files/winavr/bin/../lib/gcc/avr/4.3.2/avr6\libgcc.a(_thenan_sf.o)
                              c:/program files/winavr/bin/../lib/gcc/avr/4.3.2/avr6\libgcc.a(_addsub_sf.o) (__thenan_sf)
c:/program files/winavr/bin/../lib/gcc/avr/4.3.2/avr6\libgcc.a(_usi_to_sf.o)
                              PosCon_WhiteLine.o (__floatunsisf)
c:/program files/winavr/bin/../lib/gcc/avr/4.3.2/avr6\libgcc.a(_prologue.o)
                              c:/program files/winavr/bin/../lib/gcc/avr/4.3.2/avr6\libgcc.a(_addsub_sf.o) (__prologue_saves__)
c:/program files/winavr/bin/../lib/gcc/avr/4.3.2/avr6\libgcc.a(_epilogue.o)
                              c:/program files/winavr/bin/../lib/gcc/avr/4.3.2/avr6\libgcc.a(_addsub_sf.o) (__epilogue_restores__)
c:/program files/winavr/bin/../lib/gcc/avr/4.3.2/avr6\libgcc.a(_clzsi2.o)
                              c:/program files/winavr/bin/../lib/gcc/avr/4.3.2/avr6\libgcc.a(_usi_to_sf.o) (__clzsi2)
c:/program files/winavr/bin/../lib/gcc/avr/4.3.2/avr6\libgcc.a(_pack_sf.o)
                              c:/program files/winavr/bin/../lib/gcc/avr/4.3.2/avr6\libgcc.a(_addsub_sf.o) (__pack_f)
c:/program files/winavr/bin/../lib/gcc/avr/4.3.2/avr6\libgcc.a(_unpack_sf.o)
                              c:/program files/winavr/bin/../lib/gcc/avr/4.3.2/avr6\libgcc.a(_addsub_sf.o) (__unpack_f)
c:/program files/winavr/bin/../lib/gcc/avr/4.3.2/avr6\libgcc.a(_fpcmp_parts_sf.o)
                              c:/program files/winavr/bin/../lib/gcc/avr/4.3.2/avr6\libgcc.a(_ge_sf.o) (__fpcmp_parts_f)
c:/program files/winavr/bin/../lib/gcc/avr/4.3.2/avr6\libgcc.a(_clz.o)
                              c:/program files/winavr/bin/../lib/gcc/avr/4.3.2/avr6\libgcc.a(_clzsi2.o) (__clz_tab)

Allocating common symbols
Common symbol       size              file

Degrees             0x2               PosCon_WhiteLine.o
onfirenodes         0x8               FireExtinguisher.o
million             0x2               lcd.o
prevByte            0x1               FireExtinguisher.o
nextByte            0x1               FireExtinguisher.o
temp                0x2               lcd.o
ADC_Value           0x1               PosCon_WhiteLine.o
tens                0x2               lcd.o
data                0x1               FireExtinguisher.o
hundred             0x2               lcd.o
unit                0x2               lcd.o
thousand            0x2               lcd.o
flagBackOrFwd       0x2               PosCon_WhiteLine.o

Memory Configuration

Name             Origin             Length             Attributes
text             0x00000000         0x00100000         xr
data             0x00800200         0x0000fe00         rw !x
eeprom           0x00810000         0x00010000         rw !x
fuse             0x00820000         0x00000400         rw !x
lock             0x00830000         0x00000400         rw !x
signature        0x00840000         0x00000400         rw !x
*default*        0x00000000         0xffffffff

Linker script and memory map

Address of section .data set to 0x800200
LOAD c:/program files/winavr/bin/../lib/gcc/avr/4.3.2/../../../../avr/lib/avr6/crtm2560.o
LOAD FireExtinguisher.o
LOAD PosCon_WhiteLine.o
LOAD lcd.o
LOAD c:/program files/winavr/bin/../lib/gcc/avr/4.3.2/avr6\libgcc.a
LOAD c:/program files/winavr/bin/../lib/gcc/avr/4.3.2/../../../../avr/lib/avr6\libc.a
LOAD c:/program files/winavr/bin/../lib/gcc/avr/4.3.2/avr6\libgcc.a

.hash
 *(.hash)

.dynsym
 *(.dynsym)

.dynstr
 *(.dynstr)

.gnu.version
 *(.gnu.version)

.gnu.version_d
 *(.gnu.version_d)

.gnu.version_r
 *(.gnu.version_r)

.rel.init
 *(.rel.init)

.rela.init
 *(.rela.init)

.rel.text
 *(.rel.text)
 *(.rel.text.*)
 *(.rel.gnu.linkonce.t*)

.rela.text
 *(.rela.text)
 *(.rela.text.*)
 *(.rela.gnu.linkonce.t*)

.rel.fini
 *(.rel.fini)

.rela.fini
 *(.rela.fini)

.rel.rodata
 *(.rel.rodata)
 *(.rel.rodata.*)
 *(.rel.gnu.linkonce.r*)

.rela.rodata
 *(.rela.rodata)
 *(.rela.rodata.*)
 *(.rela.gnu.linkonce.r*)

.rel.data
 *(.rel.data)
 *(.rel.data.*)
 *(.rel.gnu.linkonce.d*)

.rela.data
 *(.rela.data)
 *(.rela.data.*)
 *(.rela.gnu.linkonce.d*)

.rel.ctors
 *(.rel.ctors)

.rela.ctors
 *(.rela.ctors)

.rel.dtors
 *(.rel.dtors)

.rela.dtors
 *(.rela.dtors)

.rel.got
 *(.rel.got)

.rela.got
 *(.rela.got)

.rel.bss
 *(.rel.bss)

.rela.bss
 *(.rela.bss)

.rel.plt
 *(.rel.plt)

.rela.plt
 *(.rela.plt)

.text           0x00000000     0x1cae
 *(.vectors)
 .vectors       0x00000000       0xe4 c:/program files/winavr/bin/../lib/gcc/avr/4.3.2/../../../../avr/lib/avr6/crtm2560.o
                0x00000000                __vectors
                0x00000000                __vector_default
 *(.vectors)
 *(.progmem.gcc*)
 *(.progmem*)
                0x000000e4                . = ALIGN (0x2)
                0x000000e4                __trampolines_start = .
 *(.trampolines)
 .trampolines   0x000000e4        0x0 linker stubs
 *(.trampolines*)
                0x000000e4                __trampolines_end = .
 *(.jumptables)
 *(.jumptables*)
 *(.lowtext)
 *(.lowtext*)
                0x000000e4                __ctors_start = .
 *(.ctors)
                0x000000e4                __ctors_end = .
                0x000000e4                __dtors_start = .
 *(.dtors)
                0x000000e4                __dtors_end = .
 SORT(*)(.ctors)
 SORT(*)(.dtors)
 *(.init0)
 .init0         0x000000e4        0x0 c:/program files/winavr/bin/../lib/gcc/avr/4.3.2/../../../../avr/lib/avr6/crtm2560.o
                0x000000e4                __init
 *(.init0)
 *(.init1)
 *(.init1)
 *(.init2)
 .init2         0x000000e4       0x10 c:/program files/winavr/bin/../lib/gcc/avr/4.3.2/../../../../avr/lib/avr6/crtm2560.o
 *(.init2)
 *(.init3)
 *(.init3)
 *(.init4)
 .init4         0x000000f4       0x1a c:/program files/winavr/bin/../lib/gcc/avr/4.3.2/../../../../avr/lib/avr6/crtm2560.o
                0x000000f4                __do_copy_data
 .init4         0x0000010e       0x10 c:/program files/winavr/bin/../lib/gcc/avr/4.3.2/avr6\libgcc.a(_clear_bss.o)
                0x0000010e                __do_clear_bss
 *(.init4)
 *(.init5)
 *(.init5)
 *(.init6)
 *(.init6)
 *(.init7)
 *(.init7)
 *(.init8)
 *(.init8)
 *(.init9)
 .init9         0x0000011e        0x8 c:/program files/winavr/bin/../lib/gcc/avr/4.3.2/../../../../avr/lib/avr6/crtm2560.o
 *(.init9)
 *(.text)
 .text          0x00000126        0x4 c:/program files/winavr/bin/../lib/gcc/avr/4.3.2/../../../../avr/lib/avr6/crtm2560.o
                0x00000126                __vector_38
                0x00000126                __vector_22
                0x00000126                __vector_28
                0x00000126                __vector_1
                0x00000126                __vector_32
                0x00000126                __vector_34
                0x00000126                __vector_24
                0x00000126                __vector_12
                0x00000126                __vector_55
                0x00000126                __vector_46
                0x00000126                __bad_interrupt
                0x00000126                __vector_31
                0x00000126                __vector_35
                0x00000126                __vector_39
                0x00000126                __vector_3
                0x00000126                __vector_23
                0x00000126                __vector_30
                0x00000126                __vector_45
                0x00000126                __vector_11
                0x00000126                __vector_54
                0x00000126                __vector_13
                0x00000126                __vector_17
                0x00000126                __vector_19
                0x00000126                __vector_56
                0x00000126                __vector_7
                0x00000126                __vector_49
                0x00000126                __vector_41
                0x00000126                __vector_43
                0x00000126                __vector_27
                0x00000126                __vector_33
                0x00000126                __vector_47
                0x00000126                __vector_52
                0x00000126                __vector_37
                0x00000126                __vector_4
                0x00000126                __vector_44
                0x00000126                __vector_51
                0x00000126                __vector_9
                0x00000126                __vector_2
                0x00000126                __vector_21
                0x00000126                __vector_15
                0x00000126                __vector_36
                0x00000126                __vector_29
                0x00000126                __vector_40
                0x00000126                __vector_8
                0x00000126                __vector_26
                0x00000126                __vector_48
                0x00000126                __vector_14
                0x00000126                __vector_53
                0x00000126                __vector_10
                0x00000126                __vector_50
                0x00000126                __vector_16
                0x00000126                __vector_18
                0x00000126                __vector_20
                0x00000126                __vector_42
 .text          0x0000012a      0x83e FireExtinguisher.o
                0x0000054e                port_init
                0x00000180                next_node
                0x00000160                uart1_init
                0x00000616                send_sms
                0x0000012a                buzzer_pin_config
                0x0000084e                __vector_25
                0x00000560                init_devices
                0x00000140                uart0_init
                0x00000138                buzzer_off
                0x000005b0                main
                0x00000130                buzzer_on
                0x000002d8                move_grid
 .text          0x00000968      0x52c PosCon_WhiteLine.o
                0x00000b58                soft_right
                0x00000e44                soft_left_2_degrees
                0x00000b30                back
                0x00000976                timer5_init
                0x00000a32                right_encoder_pin_config
                0x00000e56                soft_right_2_degrees
                0x00000b62                soft_left_2
                0x00000e32                soft_right_degrees
                0x00000d56                forward_mm
                0x00000a0a                motion_pin_config
                0x00000a86                __vector_6
                0x00000d86                left_90
                0x00000d70                back_mm
                0x00000b44                right
                0x00000b3a                left
                0x00000a62                left_position_encoder_interrupt_init
                0x00000e20                soft_left_degrees
                0x00000e04                left_degrees
                0x00000ad0                __vector_5
                0x00000b26                forward
                0x00000a00                velocity
                0x00000e12                right_degrees
                0x000009c6                ADC_Conversion
                0x00000a38                port_init_PosCon
                0x00000a74                right_position_encoder_interrupt_init
                0x00000968                adc_pin_config
                0x000009ac                adc_init
                0x00000b1a                motion_set
                0x00000b4e                soft_left
                0x00000a2c                left_encoder_pin_config
                0x00000b7e                angle_rotate
                0x00000e68                print_sensor
                0x00000b76                stop
                0x00000bc8                linear_distance_mm
                0x00000dba                right_90
                0x00000b6c                soft_right_2
 .text          0x00000e94      0x298 lcd.o
                0x00000e94                lcd_port_config
                0x00000fb2                lcd_home
                0x00000f70                lcd_wr_char
                0x00000fba                lcd_string
                0x0000100c                lcd_print
                0x00000f06                lcd_wr_command
                0x00000fd4                lcd_cursor
                0x00000f48                lcd_init
                0x00000ea2                lcd_set_4bit
 .text          0x0000112c        0x0 c:/program files/winavr/bin/../lib/gcc/avr/4.3.2/avr6\libgcc.a(_udivmodhi4.o)
 .text          0x0000112c        0x0 c:/program files/winavr/bin/../lib/gcc/avr/4.3.2/avr6\libgcc.a(_exit.o)
 .text          0x0000112c        0x0 c:/program files/winavr/bin/../lib/gcc/avr/4.3.2/avr6\libgcc.a(_clear_bss.o)
 .text          0x0000112c       0x58 c:/program files/winavr/bin/../lib/gcc/avr/4.3.2/avr6\libgcc.a(_fixunssfsi.o)
                0x0000112c                __fixunssfsi
 .text          0x00001184      0x354 c:/program files/winavr/bin/../lib/gcc/avr/4.3.2/avr6\libgcc.a(_addsub_sf.o)
                0x0000141c                __subsf3
                0x0000147e                __addsf3
 .text          0x000014d8      0x158 c:/program files/winavr/bin/../lib/gcc/avr/4.3.2/avr6\libgcc.a(_div_sf.o)
                0x000014d8                __divsf3
 .text          0x00001630       0x60 c:/program files/winavr/bin/../lib/gcc/avr/4.3.2/avr6\libgcc.a(_ge_sf.o)
                0x00001630                __gesf2
 .text          0x00001690       0xa8 c:/program files/winavr/bin/../lib/gcc/avr/4.3.2/avr6\libgcc.a(_sf_to_si.o)
                0x00001690                __fixsfsi
 .text          0x00001738        0x0 c:/program files/winavr/bin/../lib/gcc/avr/4.3.2/avr6\libgcc.a(_thenan_sf.o)
 .text          0x00001738       0xf2 c:/program files/winavr/bin/../lib/gcc/avr/4.3.2/avr6\libgcc.a(_usi_to_sf.o)
                0x00001738                __floatunsisf
 .text          0x0000182a        0x0 c:/program files/winavr/bin/../lib/gcc/avr/4.3.2/avr6\libgcc.a(_prologue.o)
 .text          0x0000182a        0x0 c:/program files/winavr/bin/../lib/gcc/avr/4.3.2/avr6\libgcc.a(_epilogue.o)
 .text          0x0000182a       0x9e c:/program files/winavr/bin/../lib/gcc/avr/4.3.2/avr6\libgcc.a(_clzsi2.o)
                0x0000182a                __clzsi2
 .text          0x000018c8      0x1aa c:/program files/winavr/bin/../lib/gcc/avr/4.3.2/avr6\libgcc.a(_pack_sf.o)
                0x000018c8                __pack_f
 .text          0x00001a72       0xf0 c:/program files/winavr/bin/../lib/gcc/avr/4.3.2/avr6\libgcc.a(_unpack_sf.o)
                0x00001a72                __unpack_f
 .text          0x00001b62       0xb2 c:/program files/winavr/bin/../lib/gcc/avr/4.3.2/avr6\libgcc.a(_fpcmp_parts_sf.o)
                0x00001b62                __fpcmp_parts_f
 .text          0x00001c14        0x0 c:/program files/winavr/bin/../lib/gcc/avr/4.3.2/avr6\libgcc.a(_clz.o)
                0x00001c14                . = ALIGN (0x2)
 *(.text.*)
 .text.libgcc   0x00001c14       0x28 c:/program files/winavr/bin/../lib/gcc/avr/4.3.2/avr6\libgcc.a(_udivmodhi4.o)
                0x00001c14                __udivmodhi4
 .text.libgcc   0x00001c3c        0x0 c:/program files/winavr/bin/../lib/gcc/avr/4.3.2/avr6\libgcc.a(_exit.o)
 .text.libgcc   0x00001c3c        0x0 c:/program files/winavr/bin/../lib/gcc/avr/4.3.2/avr6\libgcc.a(_clear_bss.o)
 .text.libgcc   0x00001c3c       0x38 c:/program files/winavr/bin/../lib/gcc/avr/4.3.2/avr6\libgcc.a(_prologue.o)
                0x00001c3c                __prologue_saves__
 .text.libgcc   0x00001c74       0x36 c:/program files/winavr/bin/../lib/gcc/avr/4.3.2/avr6\libgcc.a(_epilogue.o)
                0x00001c74                __epilogue_restores__
                0x00001caa                . = ALIGN (0x2)
 *(.fini9)
 .fini9         0x00001caa        0x0 c:/program files/winavr/bin/../lib/gcc/avr/4.3.2/avr6\libgcc.a(_exit.o)
                0x00001caa                exit
                0x00001caa                _exit
 *(.fini9)
 *(.fini8)
 *(.fini8)
 *(.fini7)
 *(.fini7)
 *(.fini6)
 *(.fini6)
 *(.fini5)
 *(.fini5)
 *(.fini4)
 *(.fini4)
 *(.fini3)
 *(.fini3)
 *(.fini2)
 *(.fini2)
 *(.fini1)
 *(.fini1)
 *(.fini0)
 .fini0         0x00001caa        0x4 c:/program files/winavr/bin/../lib/gcc/avr/4.3.2/avr6\libgcc.a(_exit.o)
 *(.fini0)
                0x00001cae                _etext = .

.data           0x00800200      0x218 load address 0x00001cae
                0x00800200                PROVIDE (__data_start, .)
 *(.data)
 .data          0x00800200        0x0 c:/program files/winavr/bin/../lib/gcc/avr/4.3.2/../../../../avr/lib/avr6/crtm2560.o
 .data          0x00800200      0x10f FireExtinguisher.o
                0x0080030b                curPos
                0x00800303                topology
                0x0080030d                curDir
 .data          0x0080030f        0x0 PosCon_WhiteLine.o
 .data          0x0080030f        0x0 lcd.o
 .data          0x0080030f        0x0 c:/program files/winavr/bin/../lib/gcc/avr/4.3.2/avr6\libgcc.a(_udivmodhi4.o)
 .data          0x0080030f        0x0 c:/program files/winavr/bin/../lib/gcc/avr/4.3.2/avr6\libgcc.a(_exit.o)
 .data          0x0080030f        0x0 c:/program files/winavr/bin/../lib/gcc/avr/4.3.2/avr6\libgcc.a(_clear_bss.o)
 .data          0x0080030f        0x0 c:/program files/winavr/bin/../lib/gcc/avr/4.3.2/avr6\libgcc.a(_fixunssfsi.o)
 .data          0x0080030f        0x0 c:/program files/winavr/bin/../lib/gcc/avr/4.3.2/avr6\libgcc.a(_addsub_sf.o)
 .data          0x0080030f        0x0 c:/program files/winavr/bin/../lib/gcc/avr/4.3.2/avr6\libgcc.a(_div_sf.o)
 .data          0x0080030f        0x0 c:/program files/winavr/bin/../lib/gcc/avr/4.3.2/avr6\libgcc.a(_ge_sf.o)
 .data          0x0080030f        0x0 c:/program files/winavr/bin/../lib/gcc/avr/4.3.2/avr6\libgcc.a(_sf_to_si.o)
 .data          0x0080030f        0x8 c:/program files/winavr/bin/../lib/gcc/avr/4.3.2/avr6\libgcc.a(_thenan_sf.o)
                0x0080030f                __thenan_sf
 .data          0x00800317        0x0 c:/program files/winavr/bin/../lib/gcc/avr/4.3.2/avr6\libgcc.a(_usi_to_sf.o)
 .data          0x00800317        0x0 c:/program files/winavr/bin/../lib/gcc/avr/4.3.2/avr6\libgcc.a(_prologue.o)
 .data          0x00800317        0x0 c:/program files/winavr/bin/../lib/gcc/avr/4.3.2/avr6\libgcc.a(_epilogue.o)
 .data          0x00800317        0x0 c:/program files/winavr/bin/../lib/gcc/avr/4.3.2/avr6\libgcc.a(_clzsi2.o)
 .data          0x00800317        0x0 c:/program files/winavr/bin/../lib/gcc/avr/4.3.2/avr6\libgcc.a(_pack_sf.o)
 .data          0x00800317        0x0 c:/program files/winavr/bin/../lib/gcc/avr/4.3.2/avr6\libgcc.a(_unpack_sf.o)
 .data          0x00800317        0x0 c:/program files/winavr/bin/../lib/gcc/avr/4.3.2/avr6\libgcc.a(_fpcmp_parts_sf.o)
 .data          0x00800317      0x100 c:/program files/winavr/bin/../lib/gcc/avr/4.3.2/avr6\libgcc.a(_clz.o)
                0x00800317                __clz_tab
 *(.data*)
 *(.rodata)
 *(.rodata*)
 *(.gnu.linkonce.d*)
                0x00800418                . = ALIGN (0x2)
 *fill*         0x00800417        0x1 00
                0x00800418                _edata = .
                0x00800418                PROVIDE (__data_end, .)

.bss            0x00800418       0x2e
                0x00800418                PROVIDE (__bss_start, .)
 *(.bss)
 .bss           0x00800418        0x0 c:/program files/winavr/bin/../lib/gcc/avr/4.3.2/../../../../avr/lib/avr6/crtm2560.o
 .bss           0x00800418        0x6 FireExtinguisher.o
                0x00800418                byteCount
                0x0080041c                totalFire
                0x0080041a                onFire
 .bss           0x0080041e        0xc PosCon_WhiteLine.o
                0x0080041f                Left_white_line
                0x0080041e                flag
                0x00800426                ShaftCountRight
                0x00800421                Right_white_line
                0x00800420                Center_white_line
                0x00800422                ShaftCountLeft
 .bss           0x0080042a        0x0 lcd.o
 .bss           0x0080042a        0x0 c:/program files/winavr/bin/../lib/gcc/avr/4.3.2/avr6\libgcc.a(_udivmodhi4.o)
 .bss           0x0080042a        0x0 c:/program files/winavr/bin/../lib/gcc/avr/4.3.2/avr6\libgcc.a(_exit.o)
 .bss           0x0080042a        0x0 c:/program files/winavr/bin/../lib/gcc/avr/4.3.2/avr6\libgcc.a(_clear_bss.o)
 .bss           0x0080042a        0x0 c:/program files/winavr/bin/../lib/gcc/avr/4.3.2/avr6\libgcc.a(_fixunssfsi.o)
 .bss           0x0080042a        0x0 c:/program files/winavr/bin/../lib/gcc/avr/4.3.2/avr6\libgcc.a(_addsub_sf.o)
 .bss           0x0080042a        0x0 c:/program files/winavr/bin/../lib/gcc/avr/4.3.2/avr6\libgcc.a(_div_sf.o)
 .bss           0x0080042a        0x0 c:/program files/winavr/bin/../lib/gcc/avr/4.3.2/avr6\libgcc.a(_ge_sf.o)
 .bss           0x0080042a        0x0 c:/program files/winavr/bin/../lib/gcc/avr/4.3.2/avr6\libgcc.a(_sf_to_si.o)
 .bss           0x0080042a        0x0 c:/program files/winavr/bin/../lib/gcc/avr/4.3.2/avr6\libgcc.a(_thenan_sf.o)
 .bss           0x0080042a        0x0 c:/program files/winavr/bin/../lib/gcc/avr/4.3.2/avr6\libgcc.a(_usi_to_sf.o)
 .bss           0x0080042a        0x0 c:/program files/winavr/bin/../lib/gcc/avr/4.3.2/avr6\libgcc.a(_prologue.o)
 .bss           0x0080042a        0x0 c:/program files/winavr/bin/../lib/gcc/avr/4.3.2/avr6\libgcc.a(_epilogue.o)
 .bss           0x0080042a        0x0 c:/program files/winavr/bin/../lib/gcc/avr/4.3.2/avr6\libgcc.a(_clzsi2.o)
 .bss           0x0080042a        0x0 c:/program files/winavr/bin/../lib/gcc/avr/4.3.2/avr6\libgcc.a(_pack_sf.o)
 .bss           0x0080042a        0x0 c:/program files/winavr/bin/../lib/gcc/avr/4.3.2/avr6\libgcc.a(_unpack_sf.o)
 .bss           0x0080042a        0x0 c:/program files/winavr/bin/../lib/gcc/avr/4.3.2/avr6\libgcc.a(_fpcmp_parts_sf.o)
 .bss           0x0080042a        0x0 c:/program files/winavr/bin/../lib/gcc/avr/4.3.2/avr6\libgcc.a(_clz.o)
 *(.bss*)
 *(COMMON)
 COMMON         0x0080042a        0xb FireExtinguisher.o
                0x0080042a                onfirenodes
                0x00800432                prevByte
                0x00800433                nextByte
                0x00800434                data
 COMMON         0x00800435        0x5 PosCon_WhiteLine.o
                0x00800435                Degrees
                0x00800437                ADC_Value
                0x00800438                flagBackOrFwd
 COMMON         0x0080043a        0xc lcd.o
                0x0080043a                million
                0x0080043c                temp
                0x0080043e                tens
                0x00800440                hundred
                0x00800442                unit
                0x00800444                thousand
                0x00800446                PROVIDE (__bss_end, .)
                0x00001cae                __data_load_start = LOADADDR (.data)
                0x00001ec6                __data_load_end = (__data_load_start + SIZEOF (.data))

.noinit         0x00800446        0x0
                0x00800446                PROVIDE (__noinit_start, .)
 *(.noinit*)
                0x00800446                PROVIDE (__noinit_end, .)
                0x00800446                _end = .
                0x00800446                PROVIDE (__heap_start, .)

.eeprom         0x00810000        0x0
 *(.eeprom*)
                0x00810000                __eeprom_end = .

.fuse
 *(.fuse)
 *(.lfuse)
 *(.hfuse)
 *(.efuse)

.lock
 *(.lock*)

.signature
 *(.signature*)

.stab
 *(.stab)

.stabstr
 *(.stabstr)

.stab.excl
 *(.stab.excl)

.stab.exclstr
 *(.stab.exclstr)

.stab.index
 *(.stab.index)

.stab.indexstr
 *(.stab.indexstr)

.comment
 *(.comment)

.debug
 *(.debug)

.line
 *(.line)

.debug_srcinfo
 *(.debug_srcinfo)

.debug_sfnames
 *(.debug_sfnames)

.debug_aranges  0x00000000       0x60
 *(.debug_aranges)
 .debug_aranges
                0x00000000       0x20 FireExtinguisher.o
 .debug_aranges
                0x00000020       0x20 PosCon_WhiteLine.o
 .debug_aranges
                0x00000040       0x20 lcd.o

.debug_pubnames
                0x00000000      0x55f
 *(.debug_pubnames)
 .debug_pubnames
                0x00000000      0x141 FireExtinguisher.o
 .debug_pubnames
                0x00000141      0x33e PosCon_WhiteLine.o
 .debug_pubnames
                0x0000047f       0xe0 lcd.o

.debug_info     0x00000000     0x1c72
 *(.debug_info)
 .debug_info    0x00000000      0x7f0 FireExtinguisher.o
 .debug_info    0x000007f0      0xf02 PosCon_WhiteLine.o
 .debug_info    0x000016f2      0x580 lcd.o
 *(.gnu.linkonce.wi.*)

.debug_abbrev   0x00000000      0x5fd
 *(.debug_abbrev)
 .debug_abbrev  0x00000000      0x2ac FireExtinguisher.o
 .debug_abbrev  0x000002ac      0x214 PosCon_WhiteLine.o
 .debug_abbrev  0x000004c0      0x13d lcd.o

.debug_line     0x00000000     0x192d
 *(.debug_line)
 .debug_line    0x00000000      0x936 FireExtinguisher.o
 .debug_line    0x00000936      0xb3b PosCon_WhiteLine.o
 .debug_line    0x00001471      0x4bc lcd.o

.debug_frame    0x00000000      0x3c0
 *(.debug_frame)
 .debug_frame   0x00000000       0xd0 FireExtinguisher.o
 .debug_frame   0x000000d0      0x250 PosCon_WhiteLine.o
 .debug_frame   0x00000320       0xa0 lcd.o

.debug_str      0x00000000      0x5d2
 *(.debug_str)
 .debug_str     0x00000000      0x247 FireExtinguisher.o
                                0x285 (size before relaxing)
 .debug_str     0x00000247      0x2da PosCon_WhiteLine.o
                                0x415 (size before relaxing)
 .debug_str     0x00000521       0xb1 lcd.o
                                0x1d8 (size before relaxing)

.debug_loc      0x00000000     0x1030
 *(.debug_loc)
 .debug_loc     0x00000000      0x9a0 FireExtinguisher.o
 .debug_loc     0x000009a0      0x45c PosCon_WhiteLine.o
 .debug_loc     0x00000dfc      0x234 lcd.o

.debug_macinfo
 *(.debug_macinfo)
OUTPUT(FireExtinguisher.elf elf32-avr)
LOAD linker stubs

.debug_ranges   0x00000000      0x348
 .debug_ranges  0x00000000      0x318 FireExtinguisher.o
 .debug_ranges  0x00000318       0x30 PosCon_WhiteLine.o
